// Jest Snapshot v1, https://goo.gl/fbAQLP

exports[`Pruebas sobre <GifExpertApp /> Deberia hacer match con el snapshot 1`] = `
<div>
  <h1>
    GifExpertApp
  </h1>
  <form
    aria-label="form"
  >
    <input
      placeholder="buscar gif"
      type="text"
      value=""
    />
  </form>
  <ol />
</div>
`;
